[france] 259,452 S1 vs 1,434,993 S2/S3
    index 1,434,993 recs / 8,820,004 postings in 10s
    60,000/259,452 S1 -> 2,289,006 pairs (26s)
    120,000/259,452 S1 -> 2,292,182 pairs (42s)
    180,000/259,452 S1 -> 2,291,696 pairs (57s)
    240,000/259,452 S1 -> 2,292,787 pairs (73s)
    259,452/259,452 S1 -> 743,361 pairs (77s)
[india] 809,986 S1 vs 4,717,565 S2/S3
    index 4,717,565 recs / 53,590,902 postings in 67s
    60,000/809,986 S1 -> 2,366,650 pairs (90s)
    120,000/809,986 S1 -> 2,365,222 pairs (109s)
    180,000/809,986 S1 -> 2,367,314 pairs (129s)
    240,000/809,986 S1 -> 2,366,146 pairs (148s)
    300,000/809,986 S1 -> 2,365,756 pairs (167s)
    360,000/809,986 S1 -> 2,366,119 pairs (187s)
    420,000/809,986 S1 -> 2,367,151 pairs (206s)
    480,000/809,986 S1 -> 2,365,504 pairs (225s)
    540,000/809,986 S1 -> 2,365,368 pairs (243s)
    600,000/809,986 S1 -> 2,366,307 pairs (261s)
    660,000/809,986 S1 -> 2,365,059 pairs (280s)
    720,000/809,986 S1 -> 2,366,157 pairs (298s)
    780,000/809,986 S1 -> 2,366,626 pairs (318s)
    809,986/809,986 S1 -> 1,183,652 pairs (327s)
[us] 663,106 S1 vs 3,817,031 S2/S3
    index 3,817,031 recs / 34,413,517 postings in 46s
    60,000/663,106 S1 -> 2,169,251 pairs (66s)
    120,000/663,106 S1 -> 2,168,091 pairs (83s)
    180,000/663,106 S1 -> 2,166,862 pairs (100s)
    240,000/663,106 S1 -> 2,172,247 pairs (116s)
    300,000/663,106 S1 -> 2,170,193 pairs (132s)
    360,000/663,106 S1 -> 2,169,590 pairs (148s)
    420,000/663,106 S1 -> 2,166,319 pairs (165s)
    480,000/663,106 S1 -> 2,174,155 pairs (182s)
    540,000/663,106 S1 -> 2,170,741 pairs (198s)
    600,000/663,106 S1 -> 2,168,195 pairs (215s)
    660,000/663,106 S1 -> 2,171,031 pairs (233s)
    663,106/663,106 S1 -> 111,855 pairs (234s)
wrote candidate_pairs.tsv: 1,732,544 rows, 1,731,988 non-empty
wrote matching_results.tsv: 1,732,544 rows, 1,617,185 non-empty
done in 1637s
