[france] 259,452 S1 vs 1,434,993 S2/S3
    index 1,434,993 recs / 11,224,614 postings in 11s
    30,000/259,452 S1 -> 2,197,278 pairs (49s)
    60,000/259,452 S1 -> 2,200,795 pairs (88s)
    90,000/259,452 S1 -> 2,202,112 pairs (128s)
    120,000/259,452 S1 -> 2,202,783 pairs (167s)
    150,000/259,452 S1 -> 2,203,167 pairs (206s)
    180,000/259,452 S1 -> 2,205,966 pairs (245s)
    210,000/259,452 S1 -> 2,207,033 pairs (284s)
    240,000/259,452 S1 -> 2,201,829 pairs (324s)
    259,452/259,452 S1 -> 1,427,449 pairs (349s)
[india] 809,986 S1 vs 4,717,565 S2/S3
    index 4,717,565 recs / 63,714,364 postings in 48s
    30,000/809,986 S1 -> 2,333,301 pairs (91s)
    60,000/809,986 S1 -> 2,338,101 pairs (134s)
    90,000/809,986 S1 -> 2,334,823 pairs (177s)
    120,000/809,986 S1 -> 2,334,559 pairs (221s)
    150,000/809,986 S1 -> 2,337,425 pairs (286s)
    180,000/809,986 S1 -> 2,337,462 pairs (330s)
    210,000/809,986 S1 -> 2,336,583 pairs (372s)
    240,000/809,986 S1 -> 2,334,682 pairs (415s)
    270,000/809,986 S1 -> 2,335,358 pairs (459s)
    300,000/809,986 S1 -> 2,335,139 pairs (502s)
    330,000/809,986 S1 -> 2,333,747 pairs (545s)
    360,000/809,986 S1 -> 2,334,565 pairs (590s)
    390,000/809,986 S1 -> 2,338,056 pairs (635s)
    420,000/809,986 S1 -> 2,333,789 pairs (679s)
    450,000/809,986 S1 -> 2,334,727 pairs (724s)
    480,000/809,986 S1 -> 2,335,784 pairs (768s)
    510,000/809,986 S1 -> 2,333,260 pairs (811s)
    540,000/809,986 S1 -> 2,336,205 pairs (855s)
    570,000/809,986 S1 -> 2,337,214 pairs (899s)
    600,000/809,986 S1 -> 2,334,945 pairs (1377s)
    630,000/809,986 S1 -> 2,333,811 pairs (1422s)
    660,000/809,986 S1 -> 2,332,783 pairs (1466s)
    690,000/809,986 S1 -> 2,334,539 pairs (1511s)
    720,000/809,986 S1 -> 2,334,740 pairs (1555s)
    750,000/809,986 S1 -> 2,336,334 pairs (1603s)
    780,000/809,986 S1 -> 2,336,151 pairs (1662s)
    809,986/809,986 S1 -> 2,338,049 pairs (1715s)
[us] 663,106 S1 vs 3,817,031 S2/S3
    index 3,817,031 recs / 44,770,710 postings in 38s
    30,000/663,106 S1 -> 2,065,963 pairs (76s)
    60,000/663,106 S1 -> 2,067,539 pairs (113s)
    90,000/663,106 S1 -> 2,063,811 pairs (151s)
    120,000/663,106 S1 -> 2,063,666 pairs (188s)
    150,000/663,106 S1 -> 2,062,368 pairs (225s)
    180,000/663,106 S1 -> 2,063,608 pairs (263s)
    210,000/663,106 S1 -> 2,071,242 pairs (303s)
    240,000/663,106 S1 -> 2,069,151 pairs (346s)
    270,000/663,106 S1 -> 2,061,888 pairs (390s)
    300,000/663,106 S1 -> 2,067,441 pairs (435s)
    330,000/663,106 S1 -> 2,066,389 pairs (484s)
    360,000/663,106 S1 -> 2,062,175 pairs (532s)
    390,000/663,106 S1 -> 2,067,003 pairs (577s)
    420,000/663,106 S1 -> 2,061,218 pairs (618s)
    450,000/663,106 S1 -> 2,069,383 pairs (662s)
    480,000/663,106 S1 -> 2,070,122 pairs (706s)
    510,000/663,106 S1 -> 2,068,774 pairs (748s)
    540,000/663,106 S1 -> 2,067,539 pairs (786s)
    570,000/663,106 S1 -> 2,062,758 pairs (822s)
    600,000/663,106 S1 -> 2,066,745 pairs (858s)
    630,000/663,106 S1 -> 2,067,737 pairs (894s)
    660,000/663,106 S1 -> 2,069,876 pairs (930s)
    663,106/663,106 S1 -> 212,905 pairs (934s)
memory allocation of 822083600 bytes failed
note: run with `RUST_BACKTRACE=1` environment variable to display a backtrace
