[france] 259,452 S1 vs 1,434,993 S2/S3
    index 1,434,993 recs / 11,214,998 postings in 12s
    30,000/259,452 S1 -> 2,673,601 pairs (68s)
    60,000/259,452 S1 -> 2,679,099 pairs (125s)
    90,000/259,452 S1 -> 2,681,312 pairs (184s)
    120,000/259,452 S1 -> 2,682,762 pairs (244s)
    150,000/259,452 S1 -> 2,683,696 pairs (343s)
    180,000/259,452 S1 -> 2,686,953 pairs (426s)
    210,000/259,452 S1 -> 2,686,350 pairs (505s)
    240,000/259,452 S1 -> 2,681,016 pairs (587s)
    259,452/259,452 S1 -> 1,737,811 pairs (639s)
[india] 809,986 S1 vs 4,717,565 S2/S3
    index 4,717,565 recs / 63,714,364 postings in 83s
    30,000/809,986 S1 -> 2,887,581 pairs (178s)
    60,000/809,986 S1 -> 2,894,101 pairs (280s)
    90,000/809,986 S1 -> 2,889,635 pairs (380s)
    120,000/809,986 S1 -> 2,889,833 pairs (482s)
    150,000/809,986 S1 -> 2,894,495 pairs (584s)
    180,000/809,986 S1 -> 2,893,894 pairs (689s)
    210,000/809,986 S1 -> 2,892,178 pairs (788s)
    240,000/809,986 S1 -> 2,890,060 pairs (891s)
    270,000/809,986 S1 -> 2,890,871 pairs (993s)
    300,000/809,986 S1 -> 2,890,229 pairs (1090s)
    330,000/809,986 S1 -> 2,887,466 pairs (1191s)
    360,000/809,986 S1 -> 2,888,156 pairs (1292s)
    390,000/809,986 S1 -> 2,893,609 pairs (1401s)
    420,000/809,986 S1 -> 2,888,346 pairs (1502s)
    450,000/809,986 S1 -> 2,889,100 pairs (1605s)
    480,000/809,986 S1 -> 2,892,046 pairs (1706s)
    510,000/809,986 S1 -> 2,888,257 pairs (1810s)
    540,000/809,986 S1 -> 2,892,018 pairs (1911s)
    570,000/809,986 S1 -> 2,894,226 pairs (2013s)
    600,000/809,986 S1 -> 2,890,360 pairs (2111s)
    630,000/809,986 S1 -> 2,888,146 pairs (2207s)
    660,000/809,986 S1 -> 2,887,779 pairs (2988s)
    690,000/809,986 S1 -> 2,889,018 pairs (3556s)
    720,000/809,986 S1 -> 2,890,157 pairs (3727s)
    750,000/809,986 S1 -> 2,892,220 pairs (3838s)
    780,000/809,986 S1 -> 2,891,906 pairs (4044s)
    809,986/809,986 S1 -> 2,895,532 pairs (4152s)
[us] 663,106 S1 vs 3,817,031 S2/S3
